// Jest Snapshot v1, https://goo.gl/fbAQLP

exports[`should render the Not Found Page 1`] = `
<div>
  404 - 
  <Link
    replace={false}
    to="/"
  >
    You're drunk! Go home.
  </Link>
</div>
`;
